---
source: src/custom/conversions.rs
expression: module.to_string()
---
; ModuleID = 'test_context'
source_filename = "test_context"

define { i32, { i32 }, { { i32, i8* } } } @_hl.main.1(double %0) {
alloca_block:
  br label %entry_block

entry_block:                                      ; preds = %alloca_block
  %1 = fptoui double %0 to i32
  %2 = insertvalue { i32 } undef, i32 %1, 0
  %3 = insertvalue { i32, { i32 }, { { i32, i8* } } } { i32 0, { i32 } poison, { { i32, i8* } } poison }, { i32 } %2, 1
  ret { i32, { i32 }, { { i32, i8* } } } %3
}
